########## SEMENTE 11 ##########
# prompt 0: a golden retriever puppy sleeping on a blue knitted blanket
device cuda:0  |  a trajetoria do BF16 e imposta a TODOS os bracos

--- referencia BF16 (grava a trajetoria) ---
  8 chamadas, saida [1, 128, 64, 64]
  sigmas: 1.000, 0.981, 0.958, 0.926, 0.883, 0.819, 0.715, 0.519

--- braco0_ptq  (klein4b_braco0_ternario_ingenuo_bfl.safetensors) ---
  8 passos medidos
--- braco1_ajuste  (klein4b_braco1_compensado_bfl.safetensors) ---
  8 passos medidos
--- braco1f_fp32  (klein4b_braco1f_mestre_fp32_bfl.safetensors) ---
  8 passos medidos
--- braco1s_sr  (klein4b_braco1s_bf16_sr_bfl.safetensors) ---
  8 passos medidos
--- braco2_bonsai  (klein4b_braco2_bonsai_ternario_bfl.safetensors) ---
  8 passos medidos

------------------------------------------------------------------------------
rel-RMSE do epsilon contra o BF16, entradas casadas
------------------------------------------------------------------------------
 passo    sigma    braco0_ptq braco1_ajuste  braco1f_fp32    braco1s_sr braco2_bonsai
     0    1.000    1.2502e+00    8.1526e-01    7.5729e-01    7.3210e-01    4.7116e-01
     1    0.981    1.1867e+00    8.3412e-01    7.9249e-01    7.9449e-01    5.2997e-01
     2    0.958    1.1864e+00    7.9858e-01    7.6454e-01    7.6862e-01    4.5894e-01
     3    0.926    1.1420e+00    7.4555e-01    7.2638e-01    7.3814e-01    4.2191e-01
     4    0.883    1.1232e+00    6.6819e-01    6.4248e-01    6.5020e-01    3.6270e-01
     5    0.819    1.0778e+00    5.8907e-01    5.4050e-01    5.4671e-01    2.9410e-01
     6    0.715    9.6962e-01    5.0144e-01    4.1340e-01    4.2048e-01    2.1654e-01
     7    0.519    6.9911e-01    3.5204e-01    2.6404e-01    2.6916e-01    1.2685e-01

------------------------------------------------------------------------------
media por faixa, e a razao sempre >= 1 com a direcao dita
------------------------------------------------------------------------------
                     faixa    braco0_ptq braco1_ajuste  braco1f_fp32    braco1s_sr braco2_bonsai   quem ganha
           todos os passos    1.0794e+00    6.6303e-01    6.1264e-01    6.1499e-01    3.6027e-01   braco2_bonsai 2.9960x mais fiel
     sigma ALTO (>= 0.926)    1.1913e+00    7.9838e-01    7.6017e-01    7.5834e-01    4.7049e-01   braco2_bonsai 2.5321x mais fiel
     sigma BAIXO (< 0.926)    9.6743e-01    5.2769e-01    4.6511e-01    4.7163e-01    2.5005e-01   braco2_bonsai 3.8690x mais fiel

           passos vencidos             0             0             0             0             8   de 8

NAO COBERTO: um prompt, uma semente, uma placa, sem metrica perceptual. O BF16 e o
  alvo e nao a verdade -- nunca foi validado contra float32. E isto mede a PREVISAO
  do modelo, nao a imagem: a imagem livre ja foi medida e nao carrega este sinal.
########## SEMENTE 12 ##########
# prompt 0: a golden retriever puppy sleeping on a blue knitted blanket
device cuda:0  |  a trajetoria do BF16 e imposta a TODOS os bracos

--- referencia BF16 (grava a trajetoria) ---
  8 chamadas, saida [1, 128, 64, 64]
  sigmas: 1.000, 0.981, 0.958, 0.926, 0.883, 0.819, 0.715, 0.519

--- braco0_ptq  (klein4b_braco0_ternario_ingenuo_bfl.safetensors) ---
  8 passos medidos
--- braco1_ajuste  (klein4b_braco1_compensado_bfl.safetensors) ---
  8 passos medidos
--- braco1f_fp32  (klein4b_braco1f_mestre_fp32_bfl.safetensors) ---
  8 passos medidos
--- braco1s_sr  (klein4b_braco1s_bf16_sr_bfl.safetensors) ---
  8 passos medidos
--- braco2_bonsai  (klein4b_braco2_bonsai_ternario_bfl.safetensors) ---
  8 passos medidos

------------------------------------------------------------------------------
rel-RMSE do epsilon contra o BF16, entradas casadas
------------------------------------------------------------------------------
 passo    sigma    braco0_ptq braco1_ajuste  braco1f_fp32    braco1s_sr braco2_bonsai
     0    1.000    1.2261e+00    8.3669e-01    7.7350e-01    7.5824e-01    4.6886e-01
     1    0.981    1.1784e+00    8.4184e-01    8.3522e-01    8.3626e-01    5.0988e-01
     2    0.958    1.1999e+00    8.2110e-01    8.2002e-01    8.2222e-01    4.8626e-01
     3    0.926    1.1562e+00    7.6919e-01    7.6557e-01    7.7364e-01    4.3932e-01
     4    0.883    1.1290e+00    6.9117e-01    6.7751e-01    6.7928e-01    3.7565e-01
     5    0.819    1.0919e+00    6.0480e-01    5.5449e-01    5.5746e-01    3.0256e-01
     6    0.715    9.8359e-01    5.1226e-01    4.2205e-01    4.2706e-01    2.2133e-01
     7    0.519    7.1590e-01    3.5821e-01    2.6797e-01    2.7358e-01    1.3066e-01

------------------------------------------------------------------------------
media por faixa, e a razao sempre >= 1 com a direcao dita
------------------------------------------------------------------------------
                     faixa    braco0_ptq braco1_ajuste  braco1f_fp32    braco1s_sr braco2_bonsai   quem ganha
           todos os passos    1.0851e+00    6.7941e-01    6.3954e-01    6.4097e-01    3.6682e-01   braco2_bonsai 2.9583x mais fiel
     sigma ALTO (>= 0.926)    1.1902e+00    8.1720e-01    7.9858e-01    7.9759e-01    4.7608e-01   braco2_bonsai 2.5000x mais fiel
     sigma BAIXO (< 0.926)    9.8009e-01    5.4161e-01    4.8050e-01    4.8435e-01    2.5755e-01   braco2_bonsai 3.8054x mais fiel

           passos vencidos             0             0             0             0             8   de 8

NAO COBERTO: um prompt, uma semente, uma placa, sem metrica perceptual. O BF16 e o
  alvo e nao a verdade -- nunca foi validado contra float32. E isto mede a PREVISAO
  do modelo, nao a imagem: a imagem livre ja foi medida e nao carrega este sinal.
########## SEMENTE 111 ##########
# prompt 1: a hand-painted wooden sign reading OPEN above a bakery door, morning sun
device cuda:0  |  a trajetoria do BF16 e imposta a TODOS os bracos

--- referencia BF16 (grava a trajetoria) ---
  8 chamadas, saida [1, 128, 64, 64]
  sigmas: 1.000, 0.981, 0.958, 0.926, 0.883, 0.819, 0.715, 0.519

--- braco0_ptq  (klein4b_braco0_ternario_ingenuo_bfl.safetensors) ---
  8 passos medidos
--- braco1_ajuste  (klein4b_braco1_compensado_bfl.safetensors) ---
  8 passos medidos
--- braco1f_fp32  (klein4b_braco1f_mestre_fp32_bfl.safetensors) ---
  8 passos medidos
--- braco1s_sr  (klein4b_braco1s_bf16_sr_bfl.safetensors) ---
  8 passos medidos
--- braco2_bonsai  (klein4b_braco2_bonsai_ternario_bfl.safetensors) ---
  8 passos medidos

------------------------------------------------------------------------------
rel-RMSE do epsilon contra o BF16, entradas casadas
------------------------------------------------------------------------------
 passo    sigma    braco0_ptq braco1_ajuste  braco1f_fp32    braco1s_sr braco2_bonsai
     0    1.000    1.2789e+00    8.7749e-01    8.5413e-01    8.5266e-01    4.3477e-01
     1    0.981    1.0659e+00    8.4635e-01    8.6020e-01    8.7176e-01    5.5013e-01
     2    0.958    1.0759e+00    8.2188e-01    8.0807e-01    8.2688e-01    4.7487e-01
     3    0.926    1.0766e+00    7.6530e-01    7.3168e-01    7.4911e-01    4.2600e-01
     4    0.883    1.0688e+00    6.7031e-01    6.2076e-01    6.3486e-01    3.5144e-01
     5    0.819    1.0297e+00    5.6489e-01    5.0421e-01    5.1340e-01    2.7050e-01
     6    0.715    9.2639e-01    4.7217e-01    3.8497e-01    3.8892e-01    1.9386e-01
     7    0.519    6.7271e-01    3.3701e-01    2.5295e-01    2.5481e-01    1.2027e-01

------------------------------------------------------------------------------
media por faixa, e a razao sempre >= 1 com a direcao dita
------------------------------------------------------------------------------
                     faixa    braco0_ptq braco1_ajuste  braco1f_fp32    braco1s_sr braco2_bonsai   quem ganha
           todos os passos    1.0244e+00    6.6943e-01    6.2712e-01    6.3655e-01    3.5273e-01   braco2_bonsai 2.9041x mais fiel
     sigma ALTO (>= 0.926)    1.1243e+00    8.2776e-01    8.1352e-01    8.2510e-01    4.7144e-01   braco2_bonsai 2.3849x mais fiel
     sigma BAIXO (< 0.926)    9.2440e-01    5.1110e-01    4.4072e-01    4.4800e-01    2.3402e-01   braco2_bonsai 3.9501x mais fiel

           passos vencidos             0             0             0             0             8   de 8

NAO COBERTO: um prompt, uma semente, uma placa, sem metrica perceptual. O BF16 e o
  alvo e nao a verdade -- nunca foi validado contra float32. E isto mede a PREVISAO
  do modelo, nao a imagem: a imagem livre ja foi medida e nao carrega este sinal.
########## SEMENTE 112 ##########
# prompt 1: a hand-painted wooden sign reading OPEN above a bakery door, morning sun
device cuda:0  |  a trajetoria do BF16 e imposta a TODOS os bracos

--- referencia BF16 (grava a trajetoria) ---
  8 chamadas, saida [1, 128, 64, 64]
  sigmas: 1.000, 0.981, 0.958, 0.926, 0.883, 0.819, 0.715, 0.519

--- braco0_ptq  (klein4b_braco0_ternario_ingenuo_bfl.safetensors) ---
  8 passos medidos
--- braco1_ajuste  (klein4b_braco1_compensado_bfl.safetensors) ---
  8 passos medidos
--- braco1f_fp32  (klein4b_braco1f_mestre_fp32_bfl.safetensors) ---
  8 passos medidos
--- braco1s_sr  (klein4b_braco1s_bf16_sr_bfl.safetensors) ---
  8 passos medidos
--- braco2_bonsai  (klein4b_braco2_bonsai_ternario_bfl.safetensors) ---
  8 passos medidos

------------------------------------------------------------------------------
rel-RMSE do epsilon contra o BF16, entradas casadas
------------------------------------------------------------------------------
 passo    sigma    braco0_ptq braco1_ajuste  braco1f_fp32    braco1s_sr braco2_bonsai
     0    1.000    1.2575e+00    9.2439e-01    9.0946e-01    9.2454e-01    4.2312e-01
     1    0.981    1.0695e+00    8.4524e-01    8.5907e-01    8.7713e-01    5.4088e-01
     2    0.958    1.0776e+00    8.1309e-01    7.7758e-01    8.1205e-01    4.6344e-01
     3    0.926    1.0801e+00    7.4635e-01    7.0903e-01    7.2689e-01    4.2052e-01
     4    0.883    1.0701e+00    6.6159e-01    6.1179e-01    6.2209e-01    3.5187e-01
     5    0.819    1.0273e+00    5.6565e-01    4.9891e-01    5.0311e-01    2.6940e-01
     6    0.715    9.2292e-01    4.7753e-01    3.8664e-01    3.8905e-01    1.9604e-01
     7    0.519    6.7889e-01    3.4310e-01    2.5744e-01    2.5955e-01    1.2547e-01

------------------------------------------------------------------------------
media por faixa, e a razao sempre >= 1 com a direcao dita
------------------------------------------------------------------------------
                     faixa    braco0_ptq braco1_ajuste  braco1f_fp32    braco1s_sr braco2_bonsai   quem ganha
           todos os passos    1.0230e+00    6.7212e-01    6.2624e-01    6.3930e-01    3.4884e-01   braco2_bonsai 2.9325x mais fiel
     sigma ALTO (>= 0.926)    1.1212e+00    8.3227e-01    8.1378e-01    8.3515e-01    4.6199e-01   braco2_bonsai 2.4268x mais fiel
     sigma BAIXO (< 0.926)    9.2482e-01    5.1197e-01    4.3869e-01    4.4345e-01    2.3570e-01   braco2_bonsai 3.9238x mais fiel

           passos vencidos             0             0             0             0             8   de 8

NAO COBERTO: um prompt, uma semente, uma placa, sem metrica perceptual. O BF16 e o
  alvo e nao a verdade -- nunca foi validado contra float32. E isto mede a PREVISAO
  do modelo, nao a imagem: a imagem livre ja foi medida e nao carrega este sinal.
########## SEMENTE 211 ##########
# prompt 2: a snowy mountain village at dusk, warm lights in the windows
device cuda:0  |  a trajetoria do BF16 e imposta a TODOS os bracos

--- referencia BF16 (grava a trajetoria) ---
  8 chamadas, saida [1, 128, 64, 64]
  sigmas: 1.000, 0.981, 0.958, 0.926, 0.883, 0.819, 0.715, 0.519

--- braco0_ptq  (klein4b_braco0_ternario_ingenuo_bfl.safetensors) ---
  8 passos medidos
--- braco1_ajuste  (klein4b_braco1_compensado_bfl.safetensors) ---
  8 passos medidos
--- braco1f_fp32  (klein4b_braco1f_mestre_fp32_bfl.safetensors) ---
  8 passos medidos
--- braco1s_sr  (klein4b_braco1s_bf16_sr_bfl.safetensors) ---
  8 passos medidos
--- braco2_bonsai  (klein4b_braco2_bonsai_ternario_bfl.safetensors) ---
  8 passos medidos

------------------------------------------------------------------------------
rel-RMSE do epsilon contra o BF16, entradas casadas
------------------------------------------------------------------------------
 passo    sigma    braco0_ptq braco1_ajuste  braco1f_fp32    braco1s_sr braco2_bonsai
     0    1.000    1.2982e+00    8.3479e-01    7.9961e-01    7.8513e-01    4.0844e-01
     1    0.981    1.1194e+00    8.2701e-01    8.2004e-01    8.3609e-01    4.9621e-01
     2    0.958    1.1599e+00    7.9281e-01    7.8223e-01    7.9353e-01    4.5816e-01
     3    0.926    1.1631e+00    7.5230e-01    7.2381e-01    7.3076e-01    4.1389e-01
     4    0.883    1.1228e+00    6.8669e-01    6.4630e-01    6.4264e-01    3.6403e-01
     5    0.819    1.0854e+00    6.0240e-01    5.4172e-01    5.3869e-01    2.9376e-01
     6    0.715    9.7750e-01    5.1036e-01    4.1754e-01    4.1644e-01    2.1358e-01
     7    0.519    7.0820e-01    3.5601e-01    2.6850e-01    2.6970e-01    1.3155e-01

------------------------------------------------------------------------------
media por faixa, e a razao sempre >= 1 com a direcao dita
------------------------------------------------------------------------------
                     faixa    braco0_ptq braco1_ajuste  braco1f_fp32    braco1s_sr braco2_bonsai   quem ganha
           todos os passos    1.0793e+00    6.7030e-01    6.2497e-01    6.2662e-01    3.4745e-01   braco2_bonsai 3.1064x mais fiel
     sigma ALTO (>= 0.926)    1.1852e+00    8.0173e-01    7.8142e-01    7.8638e-01    4.4417e-01   braco2_bonsai 2.6682x mais fiel
     sigma BAIXO (< 0.926)    9.7346e-01    5.3886e-01    4.6852e-01    4.6686e-01    2.5073e-01   braco2_bonsai 3.8825x mais fiel

           passos vencidos             0             0             0             0             8   de 8

NAO COBERTO: um prompt, uma semente, uma placa, sem metrica perceptual. O BF16 e o
  alvo e nao a verdade -- nunca foi validado contra float32. E isto mede a PREVISAO
  do modelo, nao a imagem: a imagem livre ja foi medida e nao carrega este sinal.
########## SEMENTE 212 ##########
# prompt 2: a snowy mountain village at dusk, warm lights in the windows
device cuda:0  |  a trajetoria do BF16 e imposta a TODOS os bracos

--- referencia BF16 (grava a trajetoria) ---
  8 chamadas, saida [1, 128, 64, 64]
  sigmas: 1.000, 0.981, 0.958, 0.926, 0.883, 0.819, 0.715, 0.519

--- braco0_ptq  (klein4b_braco0_ternario_ingenuo_bfl.safetensors) ---
  8 passos medidos
--- braco1_ajuste  (klein4b_braco1_compensado_bfl.safetensors) ---
  8 passos medidos
--- braco1f_fp32  (klein4b_braco1f_mestre_fp32_bfl.safetensors) ---
  8 passos medidos
--- braco1s_sr  (klein4b_braco1s_bf16_sr_bfl.safetensors) ---
  8 passos medidos
--- braco2_bonsai  (klein4b_braco2_bonsai_ternario_bfl.safetensors) ---
  8 passos medidos

------------------------------------------------------------------------------
rel-RMSE do epsilon contra o BF16, entradas casadas
------------------------------------------------------------------------------
 passo    sigma    braco0_ptq braco1_ajuste  braco1f_fp32    braco1s_sr braco2_bonsai
     0    1.000    1.2987e+00    7.8439e-01    7.8183e-01    7.7823e-01    4.2771e-01
     1    0.981    1.1364e+00    8.1961e-01    8.4311e-01    8.6349e-01    4.9634e-01
     2    0.958    1.1710e+00    8.0657e-01    8.1909e-01    8.2629e-01    4.8641e-01
     3    0.926    1.1542e+00    7.7250e-01    7.6651e-01    7.6998e-01    4.4067e-01
     4    0.883    1.1101e+00    6.8984e-01    6.6897e-01    6.7128e-01    3.7213e-01
     5    0.819    1.0760e+00    6.0283e-01    5.5440e-01    5.5480e-01    2.9610e-01
     6    0.715    9.8195e-01    5.0677e-01    4.2374e-01    4.2437e-01    2.1900e-01
     7    0.519    7.2042e-01    3.5176e-01    2.6787e-01    2.7051e-01    1.3384e-01

------------------------------------------------------------------------------
media por faixa, e a razao sempre >= 1 com a direcao dita
------------------------------------------------------------------------------
                     faixa    braco0_ptq braco1_ajuste  braco1f_fp32    braco1s_sr braco2_bonsai   quem ganha
           todos os passos    1.0811e+00    6.6678e-01    6.4069e-01    6.4487e-01    3.5902e-01   braco2_bonsai 3.0112x mais fiel
     sigma ALTO (>= 0.926)    1.1901e+00    7.9577e-01    8.0263e-01    8.0950e-01    4.6278e-01   braco2_bonsai 2.5716x mais fiel
     sigma BAIXO (< 0.926)    9.7212e-01    5.3780e-01    4.7875e-01    4.8024e-01    2.5527e-01   braco2_bonsai 3.8082x mais fiel

           passos vencidos             0             0             0             0             8   de 8

NAO COBERTO: um prompt, uma semente, uma placa, sem metrica perceptual. O BF16 e o
  alvo e nao a verdade -- nunca foi validado contra float32. E isto mede a PREVISAO
  do modelo, nao a imagem: a imagem livre ja foi medida e nao carrega este sinal.
########## SEMENTE 311 ##########
# prompt 3: a glass teapot with green tea leaves unfurling, studio photo, white background
device cuda:0  |  a trajetoria do BF16 e imposta a TODOS os bracos

--- referencia BF16 (grava a trajetoria) ---
  8 chamadas, saida [1, 128, 64, 64]
  sigmas: 1.000, 0.981, 0.958, 0.926, 0.883, 0.819, 0.715, 0.519

--- braco0_ptq  (klein4b_braco0_ternario_ingenuo_bfl.safetensors) ---
  8 passos medidos
--- braco1_ajuste  (klein4b_braco1_compensado_bfl.safetensors) ---
  8 passos medidos
--- braco1f_fp32  (klein4b_braco1f_mestre_fp32_bfl.safetensors) ---
  8 passos medidos
--- braco1s_sr  (klein4b_braco1s_bf16_sr_bfl.safetensors) ---
  8 passos medidos
--- braco2_bonsai  (klein4b_braco2_bonsai_ternario_bfl.safetensors) ---
  8 passos medidos

------------------------------------------------------------------------------
rel-RMSE do epsilon contra o BF16, entradas casadas
------------------------------------------------------------------------------
 passo    sigma    braco0_ptq braco1_ajuste  braco1f_fp32    braco1s_sr braco2_bonsai
     0    1.000    1.1720e+00    9.2832e-01    9.1656e-01    8.9011e-01    6.2236e-01
     1    0.981    1.1017e+00    9.0732e-01    9.0519e-01    8.9111e-01    5.2522e-01
     2    0.958    1.1535e+00    8.6462e-01    8.4288e-01    8.4527e-01    4.5122e-01
     3    0.926    1.1459e+00    7.8551e-01    7.4661e-01    7.4585e-01    3.7793e-01
     4    0.883    1.1004e+00    6.6452e-01    6.1629e-01    6.1917e-01    3.0291e-01
     5    0.819    1.0628e+00    5.6461e-01    5.0165e-01    5.0728e-01    2.4021e-01
     6    0.715    9.5968e-01    4.8125e-01    3.9411e-01    3.9817e-01    1.7718e-01
     7    0.519    7.0780e-01    3.6462e-01    2.8586e-01    2.8695e-01    1.1921e-01

------------------------------------------------------------------------------
media por faixa, e a razao sempre >= 1 com a direcao dita
------------------------------------------------------------------------------
                     faixa    braco0_ptq braco1_ajuste  braco1f_fp32    braco1s_sr braco2_bonsai   quem ganha
           todos os passos    1.0505e+00    6.9510e-01    6.5114e-01    6.4799e-01    3.5203e-01   braco2_bonsai 2.9841x mais fiel
     sigma ALTO (>= 0.926)    1.1433e+00    8.7144e-01    8.5281e-01    8.4308e-01    4.9418e-01   braco2_bonsai 2.3135x mais fiel
     sigma BAIXO (< 0.926)    9.5767e-01    5.1875e-01    4.4948e-01    4.5289e-01    2.0988e-01   braco2_bonsai 4.5631x mais fiel

           passos vencidos             0             0             0             0             8   de 8

NAO COBERTO: um prompt, uma semente, uma placa, sem metrica perceptual. O BF16 e o
  alvo e nao a verdade -- nunca foi validado contra float32. E isto mede a PREVISAO
  do modelo, nao a imagem: a imagem livre ja foi medida e nao carrega este sinal.
########## SEMENTE 312 ##########
# prompt 3: a glass teapot with green tea leaves unfurling, studio photo, white background
device cuda:0  |  a trajetoria do BF16 e imposta a TODOS os bracos

--- referencia BF16 (grava a trajetoria) ---
  8 chamadas, saida [1, 128, 64, 64]
  sigmas: 1.000, 0.981, 0.958, 0.926, 0.883, 0.819, 0.715, 0.519

--- braco0_ptq  (klein4b_braco0_ternario_ingenuo_bfl.safetensors) ---
  8 passos medidos
--- braco1_ajuste  (klein4b_braco1_compensado_bfl.safetensors) ---
  8 passos medidos
--- braco1f_fp32  (klein4b_braco1f_mestre_fp32_bfl.safetensors) ---
  8 passos medidos
--- braco1s_sr  (klein4b_braco1s_bf16_sr_bfl.safetensors) ---
  8 passos medidos
--- braco2_bonsai  (klein4b_braco2_bonsai_ternario_bfl.safetensors) ---
  8 passos medidos

------------------------------------------------------------------------------
rel-RMSE do epsilon contra o BF16, entradas casadas
------------------------------------------------------------------------------
 passo    sigma    braco0_ptq braco1_ajuste  braco1f_fp32    braco1s_sr braco2_bonsai
     0    1.000    1.1734e+00    9.0807e-01    9.1230e-01    8.8658e-01    5.9303e-01
     1    0.981    1.0993e+00    9.3058e-01    9.4039e-01    9.2681e-01    5.2469e-01
     2    0.958    1.1533e+00    8.9285e-01    8.6076e-01    8.5393e-01    4.3049e-01
     3    0.926    1.1466e+00    7.6970e-01    7.4724e-01    7.4788e-01    3.6753e-01
     4    0.883    1.0994e+00    6.6531e-01    6.3407e-01    6.3862e-01    3.1918e-01
     5    0.819    1.0532e+00    5.7545e-01    5.1744e-01    5.2468e-01    2.5396e-01
     6    0.715    9.6536e-01    4.9277e-01    4.1034e-01    4.1455e-01    1.8724e-01
     7    0.519    7.1608e-01    3.7002e-01    2.9417e-01    2.9523e-01    1.2376e-01

------------------------------------------------------------------------------
media por faixa, e a razao sempre >= 1 com a direcao dita
------------------------------------------------------------------------------
                     faixa    braco0_ptq braco1_ajuste  braco1f_fp32    braco1s_sr braco2_bonsai   quem ganha
           todos os passos    1.0508e+00    7.0059e-01    6.6459e-01    6.6103e-01    3.4999e-01   braco2_bonsai 3.0025x mais fiel
     sigma ALTO (>= 0.926)    1.1432e+00    8.7530e-01    8.6517e-01    8.5380e-01    4.7894e-01   braco2_bonsai 2.3869x mais fiel
     sigma BAIXO (< 0.926)    9.5851e-01    5.2589e-01    4.6400e-01    4.6827e-01    2.2104e-01   braco2_bonsai 4.3364x mais fiel

           passos vencidos             0             0             0             0             8   de 8

NAO COBERTO: um prompt, uma semente, uma placa, sem metrica perceptual. O BF16 e o
  alvo e nao a verdade -- nunca foi validado contra float32. E isto mede a PREVISAO
  do modelo, nao a imagem: a imagem livre ja foi medida e nao carrega este sinal.
