lock TAKEN by comfy:qwen21_w4a16_ck_bateria (heartbeat pid 66664)
=== bateria/w4a16_nativo_ck_p0_s42.json 04:00:07 PM
enviado 0d2ec411-5871-4535-93aa-f9de94356874
success em 179 s
FIM
=== bateria/w4a16_nativo_ck_p0_s7.json 04:04:03 PM
enviado 9034e75d-cd5c-4527-a7fd-71db1d406062
success em 31 s
FIM
=== bateria/w4a16_nativo_ck_p1_s42.json 04:04:33 PM
enviado 05769777-f354-4536-a80a-7d81ed0aeb67
success em 31 s
FIM
=== bateria/w4a16_nativo_ck_p1_s7.json 04:05:04 PM
enviado 3d828564-2332-49b6-9f10-3ed7f69d7473
success em 31 s
FIM
=== bateria/w4a16_nativo_ck_p2_s42.json 04:05:35 PM
enviado 2c9d2b65-d088-4091-9f61-bd6a04a9d9a1
success em 31 s
FIM
=== bateria/w4a16_nativo_ck_p2_s7.json 04:06:06 PM
enviado 7668ffd5-78c1-4446-8790-87bc7ced4979
success em 31 s
FIM
=== bateria/w4a16_nativo_ck_p3_s42.json 04:06:36 PM
enviado ba7ff1fa-0a79-44c9-87ab-1ed8b3b0cc46
success em 31 s
FIM
=== bateria/w4a16_nativo_ck_p3_s7.json 04:07:07 PM
enviado 9f3ba121-9d84-4713-84a3-29da637e2bbb
success em 31 s
FIM
=== bateria/w4a16_nativo_ck_p4_s42.json 04:07:38 PM
enviado 4fe5f67f-8367-4c53-bf24-57a043651298
success em 31 s
FIM
=== bateria/w4a16_nativo_ck_p4_s7.json 04:08:09 PM
enviado fd3f62ba-52ed-4045-b811-b9cf800bfc34
success em 31 s
FIM
=== bateria/w4a16_nativo_ck_p5_s42.json 04:08:40 PM
enviado 728772e6-1b8f-42e8-aada-7e7eca1a881f
success em 31 s
FIM
=== bateria/w4a16_nativo_ck_p5_s7.json 04:09:10 PM
enviado 4f345a2e-e96e-44f3-8fc1-45c20c5f70e6
success em 31 s
FIM
lock RELEASED
=== FIM bateria 04:09:43 PM
