lock TAKEN by comfy:qwen21_q4_1_nativo_bateria (heartbeat pid 86852)
=== bateria/w4a16_q4_1_nativo_p0_s42.json 05:15:31 PM
enviado 0a501556-4ebc-45f5-bcd6-f8b999c293ea
success em 182 s
FIM
=== bateria/w4a16_q4_1_nativo_p0_s7.json 05:19:30 PM
enviado c547017b-29d7-48dd-8343-b9bd21aa3bdc
success em 26 s
FIM
=== bateria/w4a16_q4_1_nativo_p1_s42.json 05:19:57 PM
enviado 75870a9e-b0d0-4184-b09b-3e3479f22a2e
success em 31 s
FIM
=== bateria/w4a16_q4_1_nativo_p1_s7.json 05:20:27 PM
enviado be1345d5-2f6a-40f2-b7dd-0f2fa5064637
success em 31 s
FIM
=== bateria/w4a16_q4_1_nativo_p2_s42.json 05:20:58 PM
enviado 138332b0-429c-4322-bc70-f1ec7a7bbb08
success em 44 s
FIM
=== bateria/w4a16_q4_1_nativo_p2_s7.json 05:21:42 PM
enviado 2e36173c-c91a-403a-96b0-f37810b99974
success em 50 s
FIM
=== bateria/w4a16_q4_1_nativo_p3_s42.json 05:22:33 PM
enviado 7d1f14f0-8934-4b3d-82d3-f4a5d2f68dcc
success em 31 s
FIM
=== bateria/w4a16_q4_1_nativo_p3_s7.json 05:23:04 PM
enviado b9a38621-5ff5-491e-8e74-71168af904d5
success em 31 s
FIM
=== bateria/w4a16_q4_1_nativo_p4_s42.json 05:23:34 PM
enviado 00647140-8be7-4d28-a81d-47b523df138a
success em 31 s
FIM
=== bateria/w4a16_q4_1_nativo_p4_s7.json 05:24:05 PM
enviado 609482d8-0946-4ddb-a23c-7116cd9f23eb
success em 31 s
FIM
=== bateria/w4a16_q4_1_nativo_p5_s42.json 05:24:36 PM
enviado 60d54a2f-b97b-4999-a26f-a90c8df4ce72
success em 31 s
FIM
=== bateria/w4a16_q4_1_nativo_p5_s7.json 05:25:07 PM
enviado 461beca7-bb92-4f38-be68-a30b80fa2000
success em 31 s
FIM
lock RELEASED
=== FIM bateria 05:25:40 PM
