lock TAKEN by comfy:lowbit_loader_offload (heartbeat pid 214052)
{"s": 25.123, "braco": "ref_bf16_ternario", "prompt": 0, "seed": 11}
{"s": 6.05, "braco": "ref_bf16_ternario", "prompt": 0, "seed": 12}
{"s": 13.322, "braco": "ref_bf16_ternario", "prompt": 1, "seed": 11}
{"s": 6.069, "braco": "ref_bf16_ternario", "prompt": 1, "seed": 12}
VRAM ref_bf16_ternario [('cuda:0 NVIDIA GeForce RT', 1.31), ('cuda:1 NVIDIA GeForce RT', 1.16)]
{"s": 13.863, "braco": "ternario_mlx", "prompt": 0, "seed": 11}
{"s": 2.954, "braco": "ternario_mlx", "prompt": 0, "seed": 12}
{"s": 9.988, "braco": "ternario_mlx", "prompt": 1, "seed": 11}
{"s": 2.963, "braco": "ternario_mlx", "prompt": 1, "seed": 12}
VRAM ternario_mlx [('cuda:0 NVIDIA GeForce RT', 1.31), ('cuda:1 NVIDIA GeForce RT', 1.16)]
{"s": 11.951, "braco": "binario_mlx", "prompt": 0, "seed": 11}
{"s": 2.869, "braco": "binario_mlx", "prompt": 0, "seed": 12}
{"s": 10.054, "braco": "binario_mlx", "prompt": 1, "seed": 11}
{"s": 2.891, "braco": "binario_mlx", "prompt": 1, "seed": 12}
VRAM binario_mlx [('cuda:0 NVIDIA GeForce RT', 1.31), ('cuda:1 NVIDIA GeForce RT', 1.16)]
lock RELEASED
=== FIM offload 07:11:06 PM
lock TAKEN by comfy:lowbit_loader_gpu1 (heartbeat pid 102076)
{"s": 11.353, "braco": "ternario_mlx", "prompt": 0, "seed": 11}
{"s": 3.365, "braco": "ternario_mlx", "prompt": 0, "seed": 12}
{"s": 3.476, "braco": "ternario_mlx", "prompt": 1, "seed": 11}
{"s": 3.324, "braco": "ternario_mlx", "prompt": 1, "seed": 12}
VRAM ternario_mlx [('cuda:0 NVIDIA GeForce RT', 8.97), ('cuda:1 NVIDIA GeForce RT', 2.58)]
lock RELEASED
=== FIM gpu1 07:12:17 PM
=== FIM ENCADEIA 07:12:17 PM
