lock TAKEN by comfy:lowbit_loader_principal (heartbeat pid 222416)
ok   test_pack_then_dequantize_matches_formula(1, 2)
ok   test_pack_then_dequantize_matches_formula(2, 3)
ok   test_pack_then_dequantize_matches_formula(2, 4)
ok   test_pack_then_dequantize_matches_formula(4, 16)
ok   test_dense_packing_is_lossless_and_picks_the_smallest_width(1, 2)
ok   test_dense_packing_is_lossless_and_picks_the_smallest_width(2, 3)
ok   test_dense_packing_refuses_a_normal_weight
ok   test_gemlite_storage_is_the_transposed_canonical_layout
ok   test_mlx_uint32_words_are_the_canonical_bytes
ok   test_shape_params_recovers_bits_and_group
ok   test_diffusers_qkv_fuse_concatenates_packed_rows
ok   test_triton_matches_torch_bit_for_bit(1, 2)
ok   test_triton_matches_torch_bit_for_bit(2, 3)
=== testes rc=0
{"s": 15.001, "braco": "ref_bf16_ternario", "prompt": 0, "seed": 11}
{"s": 2.64, "braco": "ref_bf16_ternario", "prompt": 0, "seed": 12}
{"s": 3.293, "braco": "ref_bf16_ternario", "prompt": 1, "seed": 11}
{"s": 2.877, "braco": "ref_bf16_ternario", "prompt": 1, "seed": 12}
VRAM ref_bf16_ternario [('cuda:0 NVIDIA GeForce RT', 16.19), ('cuda:1 NVIDIA GeForce RT', 1.16)]
{"s": 3.994, "braco": "ternario_mlx", "prompt": 0, "seed": 11}
{"s": 2.672, "braco": "ternario_mlx", "prompt": 0, "seed": 12}
{"s": 2.983, "braco": "ternario_mlx", "prompt": 1, "seed": 11}
{"s": 2.674, "braco": "ternario_mlx", "prompt": 1, "seed": 12}
VRAM ternario_mlx [('cuda:0 NVIDIA GeForce RT', 10.31), ('cuda:1 NVIDIA GeForce RT', 1.16)]
{"s": 9.661, "braco": "ternario_gemlite", "prompt": 0, "seed": 11}
{"s": 2.704, "braco": "ternario_gemlite", "prompt": 0, "seed": 12}
{"s": 3.064, "braco": "ternario_gemlite", "prompt": 1, "seed": 11}
{"s": 2.758, "braco": "ternario_gemlite", "prompt": 1, "seed": 12}
VRAM ternario_gemlite [('cuda:0 NVIDIA GeForce RT', 10.41), ('cuda:1 NVIDIA GeForce RT', 1.16)]
{"s": 12.9, "braco": "ternario_unpacked", "prompt": 0, "seed": 11}
{"s": 2.749, "braco": "ternario_unpacked", "prompt": 0, "seed": 12}
{"s": 3.111, "braco": "ternario_unpacked", "prompt": 1, "seed": 11}
{"s": 2.731, "braco": "ternario_unpacked", "prompt": 1, "seed": 12}
VRAM ternario_unpacked [('cuda:0 NVIDIA GeForce RT', 10.31), ('cuda:1 NVIDIA GeForce RT', 1.16)]
{"s": 4.842, "braco": "binario_mlx", "prompt": 0, "seed": 11}
{"s": 2.704, "braco": "binario_mlx", "prompt": 0, "seed": 12}
{"s": 3.041, "braco": "binario_mlx", "prompt": 1, "seed": 11}
{"s": 2.728, "braco": "binario_mlx", "prompt": 1, "seed": 12}
VRAM binario_mlx [('cuda:0 NVIDIA GeForce RT', 9.88), ('cuda:1 NVIDIA GeForce RT', 1.16)]
{"s": 7.444, "braco": "binario_gemlite", "prompt": 0, "seed": 11}
{"s": 2.741, "braco": "binario_gemlite", "prompt": 0, "seed": 12}
{"s": 3.018, "braco": "binario_gemlite", "prompt": 1, "seed": 11}
{"s": 2.723, "braco": "binario_gemlite", "prompt": 1, "seed": 12}
VRAM binario_gemlite [('cuda:0 NVIDIA GeForce RT', 10.0), ('cuda:1 NVIDIA GeForce RT', 1.16)]
{"s": 12.166, "braco": "binario_unpacked", "prompt": 0, "seed": 11}
{"s": 2.755, "braco": "binario_unpacked", "prompt": 0, "seed": 12}
{"s": 3.098, "braco": "binario_unpacked", "prompt": 1, "seed": 11}
{"s": 2.748, "braco": "binario_unpacked", "prompt": 1, "seed": 12}
VRAM binario_unpacked [('cuda:0 NVIDIA GeForce RT', 9.88), ('cuda:1 NVIDIA GeForce RT', 1.16)]
lock RELEASED
=== FIM principal 07:04:29 PM
