lock TAKEN by comfy:diag_vram_eros_2a_passada (heartbeat pid 7692)
=== chunk4 inicio 03:01:47 PM
enviado e903d5e4-bd58-4460-b6f4-fe8cc6044f69
Traceback (most recent call last):
  File "F:\COMFY_PORTABLE\.scratch\roda_eros_2gpu.py", line 59, in <module>
    main()
    ~~~~^^
  File "F:\COMFY_PORTABLE\.scratch\roda_eros_2gpu.py", line 44, in main
    (a, b), (c, d) = gpus()[:2]
                     ~~~~^^
  File "F:\COMFY_PORTABLE\.scratch\roda_eros_2gpu.py", line 26, in gpus
    o = subprocess.run(["nvidia-smi", "--query-gpu=memory.used,utilization.gpu", "--format=csv,noheader,nounits"],
        ~~~~~~~~~~~~~~^^^^^^^^^^^^^^^^^^^^^^^^^^^^^^^^^^^^^^^^^^^^^^^^^^^^^^^^^^^^^^^^^^^^^^^^^^^^^^^^^^^^^^^^^^^^
                       capture_output=True, text=True).stdout.strip().splitlines()
                       ^^^^^^^^^^^^^^^^^^^^^^^^^^^^^^^
  File "subprocess.py", line 554, in run
  File "subprocess.py", line 1039, in __init__
  File "subprocess.py", line 1554, in _execute_child
OSError: [WinError 1455] The paging file is too small for this operation to complete
=== chunk4 fim 03:17:53 PM
lock RELEASED
=== FIM diag 03:17:53 PM
