W0926 19:30:17.535000 88652 Lib\site-packages\torch\utils\_pytree.py:630] <enum 'KernelPreference'> is an Enum subclass and is now natively supported by torch.compile as an opaque value type. Calling register_constant() on Enum subclasses is deprecated and will be an error in a future release.
W0926 19:30:17.604000 88652 Lib\site-packages\torch\utils\_pytree.py:630] <enum 'ScaleCalculationMode'> is an Enum subclass and is now natively supported by torch.compile as an opaque value type. Calling register_constant() on Enum subclasses is deprecated and will be an error in a future release.
Unable to import `torchao` Tensor objects. This may affect loading checkpoints serialized with `torchao`
0 transformer_blocks.0.attn.to_k {'comfyorg_int8': 0.0036, 'nidall_mixed': 0.0171, 'mesmer_int4': 0.0156, 'nosso_int8': 0.0041, 'nosso_w4a8': 0.0172, 'nosso_w4a4': 0.0498, 'nosso_mixed': 0.0497}
24 transformer_blocks.4.attn.to_k {'comfyorg_int8': 0.005, 'nidall_mixed': 0.0246, 'mesmer_int4': 0.0431, 'nosso_int8': 0.0053, 'nosso_w4a8': 0.0247, 'nosso_w4a4': 0.0761, 'nosso_mixed': 0.0761}
48 transformer_blocks.8.attn.to_k {'comfyorg_int8': 0.0055, 'nidall_mixed': 0.0282, 'mesmer_int4': 0.0488, 'nosso_int8': 0.0059, 'nosso_w4a8': 0.0282, 'nosso_w4a4': 0.0857, 'nosso_mixed': 0.0857}
72 transformer_blocks.12.attn.to_k {'comfyorg_int8': 0.0061, 'nidall_mixed': 0.0331, 'mesmer_int4': 0.0547, 'nosso_int8': 0.0065, 'nosso_w4a8': 0.0332, 'nosso_w4a4': 0.101, 'nosso_mixed': 0.1009}
96 transformer_blocks.16.attn.to_k {'comfyorg_int8': 0.0054, 'nidall_mixed': 0.0289, 'mesmer_int4': 0.0446, 'nosso_int8': 0.0058, 'nosso_w4a8': 0.0289, 'nosso_w4a4': 0.0868, 'nosso_mixed': 0.0867}
120 transformer_blocks.20.attn.to_k {'comfyorg_int8': 0.0051, 'nidall_mixed': 0.0259, 'mesmer_int4': 0.0421, 'nosso_int8': 0.0055, 'nosso_w4a8': 0.0259, 'nosso_w4a4': 0.0793, 'nosso_mixed': 0.0792}
144 transformer_blocks.24.attn.to_k {'comfyorg_int8': 0.0035, 'nidall_mixed': 0.0159, 'mesmer_int4': 0.0233, 'nosso_int8': 0.004, 'nosso_w4a8': 0.0158, 'nosso_w4a4': 0.0468, 'nosso_mixed': 0.0468}
168 transformer_blocks.28.attn.to_k {'comfyorg_int8': 0.0049, 'nidall_mixed': 0.0245, 'mesmer_int4': 0.0391, 'nosso_int8': 0.0053, 'nosso_w4a8': 0.0244, 'nosso_w4a4': 0.0749, 'nosso_mixed': 0.0749}
{
 "comfyorg_int8": {
  "media": 0.008289683253678959,
  "max": 0.019161444157361984,
  "por_tipo": {
   "attn.to_k": {
    "media": 0.004740551965369377,
    "max": 0.006164272781461477
   },
   "attn.to_out.0": {
    "media": 0.01310532559728017,
    "max": 0.019161444157361984
   },
   "attn.to_q": {
    "media": 0.005148731041117571,
    "max": 0.006179791409522295
   },
   "attn.to_v": {
    "media": 0.011149394500534981,
    "max": 0.014810316264629364
   },
   "img_mlp.gate_up": {
    "media": 0.007291318703209981,
    "max": 0.008746231906116009
   },
   "img_mlp.out": {
    "media": 0.008302777714561671,
    "max": 0.012502992525696754
   }
  }
 },
 "nidall_mixed": {
  "media": 0.042421454233893506,
  "max": 0.08685395866632462,
  "por_tipo": {
   "attn.to_k": {
    "media": 0.023874290141975507,
    "max": 0.0330941304564476
   },
   "attn.to_out.0": {
    "media": 0.06109222720260732,
    "max": 0.08685395866632462
   },
   "attn.to_q": {
    "media": 0.026509128307225183,
    "max": 0.03215920180082321
   },
   "attn.to_v": {
    "media": 0.061466108658351004,
    "max": 0.0806451290845871
   },
   "img_mlp.gate_up": {
    "media": 0.03973027924075723,
    "max": 0.04786870256066322
   },
   "img_mlp.out": {
    "media": 0.04185669185244478,
    "max": 0.06058772653341293
   }
  }
 },
 "mesmer_int4": {
  "media": 0.07929192978675322,
  "max": 0.15757709741592407,
  "por_tipo": {
   "attn.to_k": {
    "media": 0.037766052468214184,
    "max": 0.05781804025173187
   },
   "attn.to_out.0": {
    "media": 0.10775969683891162,
    "max": 0.1573994755744934
   },
   "attn.to_q": {
    "media": 0.04326219274662435,
    "max": 0.05743776634335518
   },
   "attn.to_v": {
    "media": 0.10117420740425587,
    "max": 0.12326144427061081
   },
   "img_mlp.gate_up": {
    "media": 0.07906486210413277,
    "max": 0.10109680891036987
   },
   "img_mlp.out": {
    "media": 0.10672456715838052,
    "max": 0.15757709741592407
   }
  }
 },
 "nosso_int8": {
  "media": 0.00868823254252978,
  "max": 0.019619237631559372,
  "por_tipo": {
   "attn.to_k": {
    "media": 0.005132575708557852,
    "max": 0.006538826506584883
   },
   "attn.to_out.0": {
    "media": 0.013508181385986973,
    "max": 0.019619237631559372
   },
   "attn.to_q": {
    "media": 0.005529970301722642,
    "max": 0.006567575503140688
   },
   "attn.to_v": {
    "media": 0.011591797185246833,
    "max": 0.015299116261303425
   },
   "img_mlp.gate_up": {
    "media": 0.007687481178436428,
    "max": 0.00915494654327631
   },
   "img_mlp.out": {
    "media": 0.008679389495227952,
    "max": 0.012914917431771755
   }
  }
 },
 "nosso_w4a8": {
  "media": 0.04243675992135346,
  "max": 0.08695489913225174,
  "por_tipo": {
   "attn.to_k": {
    "media": 0.02387127952533774,
    "max": 0.03315018117427826
   },
   "attn.to_out.0": {
    "media": 0.061115841221180744,
    "max": 0.08695489913225174
   },
   "attn.to_q": {
    "media": 0.026520413637626916,
    "max": 0.032083407044410706
   },
   "attn.to_v": {
    "media": 0.06149833102244884,
    "max": 0.08082005381584167
   },
   "img_mlp.gate_up": {
    "media": 0.03973707556724548,
    "max": 0.047869645059108734
   },
   "img_mlp.out": {
    "media": 0.04187761855428107,
    "max": 0.060616571456193924
   }
  }
 },
 "nosso_w4a4": {
  "media": 0.13979589668451808,
  "max": 0.34089434146881104,
  "por_tipo": {
   "attn.to_k": {
    "media": 0.07212076860014349,
    "max": 0.1009846031665802
   },
   "attn.to_out.0": {
    "media": 0.23037992557510734,
    "max": 0.34089434146881104
   },
   "attn.to_q": {
    "media": 0.08075409545563161,
    "max": 0.10077013820409775
   },
   "attn.to_v": {
    "media": 0.19274058402515948,
    "max": 0.25888925790786743
   },
   "img_mlp.gate_up": {
    "media": 0.1219428894110024,
    "max": 0.14990465342998505
   },
   "img_mlp.out": {
    "media": 0.14083711704006419,
    "max": 0.2192448377609253
   }
  }
 },
 "nosso_mixed": {
  "media": 0.08308879530522972,
  "max": 0.14985641837120056,
  "por_tipo": {
   "attn.to_k": {
    "media": 0.07210374949499965,
    "max": 0.10091303288936615
   },
   "attn.to_out.0": {
    "media": 0.07026528532151133,
    "max": 0.14172358810901642
   },
   "attn.to_q": {
    "media": 0.08074667130131274,
    "max": 0.10066197067499161
   },
   "attn.to_v": {
    "media": 0.06674753583502024,
    "max": 0.12839870154857635
   },
   "img_mlp.gate_up": {
    "media": 0.12193274567835033,
    "max": 0.14985641837120056
   },
   "img_mlp.out": {
    "media": 0.08673678420018405,
    "max": 0.14289873838424683
   }
  }
 }
}
