0 transformer_blocks.0.attn.to_k {'comfyorg_int8': 0.0036, 'nidall_mixed': 0.0171, 'nosso_int8_f32': 0.0036, 'nosso_w4a8_f32': 0.0171, 'nosso_w4a4_f32': 0.0497}
24 transformer_blocks.4.attn.to_k {'comfyorg_int8': 0.005, 'nidall_mixed': 0.0246, 'nosso_int8_f32': 0.005, 'nosso_w4a8_f32': 0.0246, 'nosso_w4a4_f32': 0.0761}
48 transformer_blocks.8.attn.to_k {'comfyorg_int8': 0.0055, 'nidall_mixed': 0.0282, 'nosso_int8_f32': 0.0055, 'nosso_w4a8_f32': 0.0282, 'nosso_w4a4_f32': 0.0857}
72 transformer_blocks.12.attn.to_k {'comfyorg_int8': 0.0061, 'nidall_mixed': 0.0331, 'nosso_int8_f32': 0.0061, 'nosso_w4a8_f32': 0.0331, 'nosso_w4a4_f32': 0.1009}
96 transformer_blocks.16.attn.to_k {'comfyorg_int8': 0.0054, 'nidall_mixed': 0.0289, 'nosso_int8_f32': 0.0054, 'nosso_w4a8_f32': 0.0289, 'nosso_w4a4_f32': 0.0867}
120 transformer_blocks.20.attn.to_k {'comfyorg_int8': 0.0051, 'nidall_mixed': 0.0259, 'nosso_int8_f32': 0.0051, 'nosso_w4a8_f32': 0.0259, 'nosso_w4a4_f32': 0.0792}
144 transformer_blocks.24.attn.to_k {'comfyorg_int8': 0.0035, 'nidall_mixed': 0.0159, 'nosso_int8_f32': 0.0035, 'nosso_w4a8_f32': 0.0159, 'nosso_w4a4_f32': 0.0468}
168 transformer_blocks.28.attn.to_k {'comfyorg_int8': 0.0049, 'nidall_mixed': 0.0245, 'nosso_int8_f32': 0.0049, 'nosso_w4a8_f32': 0.0245, 'nosso_w4a4_f32': 0.0749}
{
 "comfyorg_int8": {
  "media": 0.008289683253678959,
  "max": 0.019161444157361984,
  "por_tipo": {
   "attn.to_k": {
    "media": 0.004740551965369377,
    "max": 0.006164272781461477
   },
   "attn.to_out.0": {
    "media": 0.01310532559728017,
    "max": 0.019161444157361984
   },
   "attn.to_q": {
    "media": 0.005148731041117571,
    "max": 0.006179791409522295
   },
   "attn.to_v": {
    "media": 0.011149394500534981,
    "max": 0.014810316264629364
   },
   "img_mlp.gate_up": {
    "media": 0.007291318703209981,
    "max": 0.008746231906116009
   },
   "img_mlp.out": {
    "media": 0.008302777714561671,
    "max": 0.012502992525696754
   }
  }
 },
 "nidall_mixed": {
  "media": 0.042421454233893506,
  "max": 0.08685395866632462,
  "por_tipo": {
   "attn.to_k": {
    "media": 0.023874290141975507,
    "max": 0.0330941304564476
   },
   "attn.to_out.0": {
    "media": 0.06109222720260732,
    "max": 0.08685395866632462
   },
   "attn.to_q": {
    "media": 0.026509128307225183,
    "max": 0.03215920180082321
   },
   "attn.to_v": {
    "media": 0.061466108658351004,
    "max": 0.0806451290845871
   },
   "img_mlp.gate_up": {
    "media": 0.03973027924075723,
    "max": 0.04786870256066322
   },
   "img_mlp.out": {
    "media": 0.04185669185244478,
    "max": 0.06058772653341293
   }
  }
 },
 "nosso_int8_f32": {
  "media": 0.008289694781221138,
  "max": 0.019161544740200043,
  "por_tipo": {
   "attn.to_k": {
    "media": 0.004740553798910696,
    "max": 0.006164279766380787
   },
   "attn.to_out.0": {
    "media": 0.013105346799420658,
    "max": 0.019161544740200043
   },
   "attn.to_q": {
    "media": 0.005148712880327366,
    "max": 0.006179874297231436
   },
   "attn.to_v": {
    "media": 0.01114940170373302,
    "max": 0.014810335822403431
   },
   "img_mlp.gate_up": {
    "media": 0.00729132434935309,
    "max": 0.008746286854147911
   },
   "img_mlp.out": {
    "media": 0.008302829155582003,
    "max": 0.012503505684435368
   }
  }
 },
 "nosso_w4a8_f32": {
  "media": 0.04242133615965334,
  "max": 0.08685380220413208,
  "por_tipo": {
   "attn.to_k": {
    "media": 0.02387420882587321,
    "max": 0.033094536513090134
   },
   "attn.to_out.0": {
    "media": 0.06109212851151824,
    "max": 0.08685380220413208
   },
   "attn.to_q": {
    "media": 0.026508859562454745,
    "max": 0.03215876966714859
   },
   "attn.to_v": {
    "media": 0.06146573112346232,
    "max": 0.08064240217208862
   },
   "img_mlp.gate_up": {
    "media": 0.03973030485212803,
    "max": 0.04786868765950203
   },
   "img_mlp.out": {
    "media": 0.0418567840824835,
    "max": 0.060587916523218155
   }
  }
 },
 "nosso_w4a4_f32": {
  "media": 0.13979091763030738,
  "max": 0.3411070704460144,
  "por_tipo": {
   "attn.to_k": {
    "media": 0.07210374949499965,
    "max": 0.10091303288936615
   },
   "attn.to_out.0": {
    "media": 0.23038724216166884,
    "max": 0.3411070704460144
   },
   "attn.to_q": {
    "media": 0.08074667130131274,
    "max": 0.10066197067499161
   },
   "attn.to_v": {
    "media": 0.19274383480660617,
    "max": 0.25889867544174194
   },
   "img_mlp.gate_up": {
    "media": 0.12193274567835033,
    "max": 0.14985641837120056
   },
   "img_mlp.out": {
    "media": 0.14083126233890653,
    "max": 0.2193852961063385
   }
  }
 }
}
