Source:  \\NAS\purple\ComfyBench\diffusion_models\qwen_image_2.1_bf16.safetensors
Profile: qwen_image21   group_size=16 convrot_groupsize=256
Selected Linear weights: 192
Output:  \\NAS\purple\ComfyBench\diffusion_models\qwen_image_2.1_bf16_mixed.safetensors

  quantize_convrot_w4a4_weight     -> comfy_kitchen.backends.cuda
  convrot_w4a4_linear              -> comfy_kitchen.backends.cuda
  quantize_w4a8_int8_weight        -> comfy_kitchen.backends.cuda
  w4a8_int8_linear                 -> comfy_kitchen.backends.cuda

[24/192] measured
[48/192] measured
[72/192] measured
[96/192] measured
[120/192] measured
[144/192] measured
[168/192] measured
[192/192] measured
wrote analysis to calib\qwen21_bf16_2026-09-26.analysis.json
format                layers
convrot_w4a4             120
asym_w4a8_int8            72
bf16                       0

layer                                        bf16     w4a4     w4a8  crest p99  format
transformer_blocks.11.attn.to_out.0        0.0025   0.3411   0.0855      11.44  asym_w4a8_int8
transformer_blocks.9.attn.to_out.0         0.0024   0.3311   0.0807      13.39  asym_w4a8_int8
transformer_blocks.10.attn.to_out.0        0.0026   0.3274   0.0869      11.96  asym_w4a8_int8
transformer_blocks.12.attn.to_out.0        0.0025   0.3088   0.0831      10.94  asym_w4a8_int8
transformer_blocks.15.attn.to_out.0        0.0026   0.3082   0.0798      11.00  asym_w4a8_int8
transformer_blocks.19.attn.to_out.0        0.0024   0.3029   0.0667      20.82  asym_w4a8_int8
transformer_blocks.14.attn.to_out.0        0.0026   0.2967   0.0781      10.10  asym_w4a8_int8
transformer_blocks.13.attn.to_out.0        0.0025   0.2964   0.0843       9.65  asym_w4a8_int8
transformer_blocks.7.attn.to_out.0         0.0023   0.2952   0.0751      13.89  asym_w4a8_int8
transformer_blocks.16.attn.to_out.0        0.0024   0.2762   0.0784      10.82  asym_w4a8_int8
transformer_blocks.8.attn.to_out.0         0.0025   0.2735   0.0758      11.01  asym_w4a8_int8
transformer_blocks.26.attn.to_v            0.0023   0.2589   0.0806      35.16  asym_w4a8_int8

worst W4A4 error left in the model: 0.1499
[24/192] quantized
[48/192] quantized
[72/192] quantized
[96/192] quantized
[120/192] quantized
[144/192] quantized
[168/192] quantized
[192/192] quantized

Wrote \\NAS\purple\ComfyBench\diffusion_models\qwen_image_2.1_bf16_mixed.safetensors (3.61 GiB) in 53.6 s
13.25 GiB -> 3.61 GiB   3.68x lighter
Wrote \\NAS\purple\ComfyBench\diffusion_models\qwen_image_2.1_bf16_mixed.quant.json
