Source: \\NAS\purple\ComfyBench\diffusion_models\qwen_image_2.1_bf16.safetensors
Profile: qwen_image21
Selected Linear weights: 192
Estimated output: 3.51 GiB
Output: \\NAS\purple\ComfyBench\diffusion_models\qwen_image_2.1_bf16_w4a4_convrot_f32.safetensors
[1/457] img_in.weight
[2/457] modulation.1.weight
[3/457] norm_out.linear.weight
[4/457] proj_out.weight
[5/457] time_text_embed.timestep_embedder.linear_1.weight
[6/457] time_text_embed.timestep_embedder.linear_2.weight
[7/457] transformer_blocks.0.attn.norm_k.weight
[8/457] transformer_blocks.0.attn.norm_q.weight
[9/457] transformer_blocks.0.attn.to_k.weight
[11/457] transformer_blocks.0.attn.to_out.0.weight
[13/457] transformer_blocks.0.attn.to_q.weight
[15/457] transformer_blocks.0.attn.to_v.weight
[17/457] transformer_blocks.0.img_mlp.gate_up.weight
[19/457] transformer_blocks.0.img_mlp.out.weight
[21/457] transformer_blocks.1.attn.norm_k.weight
[22/457] transformer_blocks.1.attn.norm_q.weight
[23/457] transformer_blocks.1.attn.to_k.weight
[25/457] transformer_blocks.1.attn.to_out.0.weight
[27/457] transformer_blocks.1.attn.to_q.weight
[29/457] transformer_blocks.1.attn.to_v.weight
[31/457] transformer_blocks.1.img_mlp.gate_up.weight
[33/457] transformer_blocks.1.img_mlp.out.weight
[35/457] transformer_blocks.10.attn.norm_k.weight
[36/457] transformer_blocks.10.attn.norm_q.weight
[37/457] transformer_blocks.10.attn.to_k.weight
[39/457] transformer_blocks.10.attn.to_out.0.weight
[41/457] transformer_blocks.10.attn.to_q.weight
[43/457] transformer_blocks.10.attn.to_v.weight
[45/457] transformer_blocks.10.img_mlp.gate_up.weight
[47/457] transformer_blocks.10.img_mlp.out.weight
[49/457] transformer_blocks.11.attn.norm_k.weight
[50/457] transformer_blocks.11.attn.norm_q.weight
[51/457] transformer_blocks.11.attn.to_k.weight
[53/457] transformer_blocks.11.attn.to_out.0.weight
[55/457] transformer_blocks.11.attn.to_q.weight
[57/457] transformer_blocks.11.attn.to_v.weight
[59/457] transformer_blocks.11.img_mlp.gate_up.weight
[61/457] transformer_blocks.11.img_mlp.out.weight
[63/457] transformer_blocks.12.attn.norm_k.weight
[64/457] transformer_blocks.12.attn.norm_q.weight
[65/457] transformer_blocks.12.attn.to_k.weight
[67/457] transformer_blocks.12.attn.to_out.0.weight
[69/457] transformer_blocks.12.attn.to_q.weight
[71/457] transformer_blocks.12.attn.to_v.weight
[73/457] transformer_blocks.12.img_mlp.gate_up.weight
[75/457] transformer_blocks.12.img_mlp.out.weight
[77/457] transformer_blocks.13.attn.norm_k.weight
[78/457] transformer_blocks.13.attn.norm_q.weight
[79/457] transformer_blocks.13.attn.to_k.weight
[81/457] transformer_blocks.13.attn.to_out.0.weight
[83/457] transformer_blocks.13.attn.to_q.weight
[85/457] transformer_blocks.13.attn.to_v.weight
[87/457] transformer_blocks.13.img_mlp.gate_up.weight
[89/457] transformer_blocks.13.img_mlp.out.weight
[91/457] transformer_blocks.14.attn.norm_k.weight
[92/457] transformer_blocks.14.attn.norm_q.weight
[93/457] transformer_blocks.14.attn.to_k.weight
[95/457] transformer_blocks.14.attn.to_out.0.weight
[97/457] transformer_blocks.14.attn.to_q.weight
[99/457] transformer_blocks.14.attn.to_v.weight
[101/457] transformer_blocks.14.img_mlp.gate_up.weight
[103/457] transformer_blocks.14.img_mlp.out.weight
[105/457] transformer_blocks.15.attn.norm_k.weight
[106/457] transformer_blocks.15.attn.norm_q.weight
[107/457] transformer_blocks.15.attn.to_k.weight
[109/457] transformer_blocks.15.attn.to_out.0.weight
[111/457] transformer_blocks.15.attn.to_q.weight
[113/457] transformer_blocks.15.attn.to_v.weight
[115/457] transformer_blocks.15.img_mlp.gate_up.weight
[117/457] transformer_blocks.15.img_mlp.out.weight
[119/457] transformer_blocks.16.attn.norm_k.weight
[120/457] transformer_blocks.16.attn.norm_q.weight
[121/457] transformer_blocks.16.attn.to_k.weight
[123/457] transformer_blocks.16.attn.to_out.0.weight
[125/457] transformer_blocks.16.attn.to_q.weight
[127/457] transformer_blocks.16.attn.to_v.weight
[129/457] transformer_blocks.16.img_mlp.gate_up.weight
[131/457] transformer_blocks.16.img_mlp.out.weight
[133/457] transformer_blocks.17.attn.norm_k.weight
[134/457] transformer_blocks.17.attn.norm_q.weight
[135/457] transformer_blocks.17.attn.to_k.weight
[137/457] transformer_blocks.17.attn.to_out.0.weight
[139/457] transformer_blocks.17.attn.to_q.weight
[141/457] transformer_blocks.17.attn.to_v.weight
[143/457] transformer_blocks.17.img_mlp.gate_up.weight
[145/457] transformer_blocks.17.img_mlp.out.weight
[147/457] transformer_blocks.18.attn.norm_k.weight
[148/457] transformer_blocks.18.attn.norm_q.weight
[149/457] transformer_blocks.18.attn.to_k.weight
[151/457] transformer_blocks.18.attn.to_out.0.weight
[153/457] transformer_blocks.18.attn.to_q.weight
[155/457] transformer_blocks.18.attn.to_v.weight
[157/457] transformer_blocks.18.img_mlp.gate_up.weight
[159/457] transformer_blocks.18.img_mlp.out.weight
[161/457] transformer_blocks.19.attn.norm_k.weight
[162/457] transformer_blocks.19.attn.norm_q.weight
[163/457] transformer_blocks.19.attn.to_k.weight
[165/457] transformer_blocks.19.attn.to_out.0.weight
[167/457] transformer_blocks.19.attn.to_q.weight
[169/457] transformer_blocks.19.attn.to_v.weight
[171/457] transformer_blocks.19.img_mlp.gate_up.weight
[173/457] transformer_blocks.19.img_mlp.out.weight
[175/457] transformer_blocks.2.attn.norm_k.weight
[176/457] transformer_blocks.2.attn.norm_q.weight
[177/457] transformer_blocks.2.attn.to_k.weight
[179/457] transformer_blocks.2.attn.to_out.0.weight
[181/457] transformer_blocks.2.attn.to_q.weight
[183/457] transformer_blocks.2.attn.to_v.weight
[185/457] transformer_blocks.2.img_mlp.gate_up.weight
[187/457] transformer_blocks.2.img_mlp.out.weight
[189/457] transformer_blocks.20.attn.norm_k.weight
[190/457] transformer_blocks.20.attn.norm_q.weight
[191/457] transformer_blocks.20.attn.to_k.weight
[193/457] transformer_blocks.20.attn.to_out.0.weight
[195/457] transformer_blocks.20.attn.to_q.weight
[197/457] transformer_blocks.20.attn.to_v.weight
[199/457] transformer_blocks.20.img_mlp.gate_up.weight
[201/457] transformer_blocks.20.img_mlp.out.weight
[203/457] transformer_blocks.21.attn.norm_k.weight
[204/457] transformer_blocks.21.attn.norm_q.weight
[205/457] transformer_blocks.21.attn.to_k.weight
[207/457] transformer_blocks.21.attn.to_out.0.weight
[209/457] transformer_blocks.21.attn.to_q.weight
[211/457] transformer_blocks.21.attn.to_v.weight
[213/457] transformer_blocks.21.img_mlp.gate_up.weight
[215/457] transformer_blocks.21.img_mlp.out.weight
[217/457] transformer_blocks.22.attn.norm_k.weight
[218/457] transformer_blocks.22.attn.norm_q.weight
[219/457] transformer_blocks.22.attn.to_k.weight
[221/457] transformer_blocks.22.attn.to_out.0.weight
[223/457] transformer_blocks.22.attn.to_q.weight
[225/457] transformer_blocks.22.attn.to_v.weight
[227/457] transformer_blocks.22.img_mlp.gate_up.weight
[229/457] transformer_blocks.22.img_mlp.out.weight
[231/457] transformer_blocks.23.attn.norm_k.weight
[232/457] transformer_blocks.23.attn.norm_q.weight
[233/457] transformer_blocks.23.attn.to_k.weight
[235/457] transformer_blocks.23.attn.to_out.0.weight
[237/457] transformer_blocks.23.attn.to_q.weight
[239/457] transformer_blocks.23.attn.to_v.weight
[241/457] transformer_blocks.23.img_mlp.gate_up.weight
[243/457] transformer_blocks.23.img_mlp.out.weight
[245/457] transformer_blocks.24.attn.norm_k.weight
[246/457] transformer_blocks.24.attn.norm_q.weight
[247/457] transformer_blocks.24.attn.to_k.weight
[249/457] transformer_blocks.24.attn.to_out.0.weight
[251/457] transformer_blocks.24.attn.to_q.weight
[253/457] transformer_blocks.24.attn.to_v.weight
[255/457] transformer_blocks.24.img_mlp.gate_up.weight
[257/457] transformer_blocks.24.img_mlp.out.weight
[259/457] transformer_blocks.25.attn.norm_k.weight
[260/457] transformer_blocks.25.attn.norm_q.weight
[261/457] transformer_blocks.25.attn.to_k.weight
[263/457] transformer_blocks.25.attn.to_out.0.weight
[265/457] transformer_blocks.25.attn.to_q.weight
[267/457] transformer_blocks.25.attn.to_v.weight
[269/457] transformer_blocks.25.img_mlp.gate_up.weight
[271/457] transformer_blocks.25.img_mlp.out.weight
[273/457] transformer_blocks.26.attn.norm_k.weight
[274/457] transformer_blocks.26.attn.norm_q.weight
[275/457] transformer_blocks.26.attn.to_k.weight
[277/457] transformer_blocks.26.attn.to_out.0.weight
[279/457] transformer_blocks.26.attn.to_q.weight
[281/457] transformer_blocks.26.attn.to_v.weight
[283/457] transformer_blocks.26.img_mlp.gate_up.weight
[285/457] transformer_blocks.26.img_mlp.out.weight
[287/457] transformer_blocks.27.attn.norm_k.weight
[288/457] transformer_blocks.27.attn.norm_q.weight
[289/457] transformer_blocks.27.attn.to_k.weight
[291/457] transformer_blocks.27.attn.to_out.0.weight
[293/457] transformer_blocks.27.attn.to_q.weight
[295/457] transformer_blocks.27.attn.to_v.weight
[297/457] transformer_blocks.27.img_mlp.gate_up.weight
[299/457] transformer_blocks.27.img_mlp.out.weight
[301/457] transformer_blocks.28.attn.norm_k.weight
[302/457] transformer_blocks.28.attn.norm_q.weight
[303/457] transformer_blocks.28.attn.to_k.weight
[305/457] transformer_blocks.28.attn.to_out.0.weight
[307/457] transformer_blocks.28.attn.to_q.weight
[309/457] transformer_blocks.28.attn.to_v.weight
[311/457] transformer_blocks.28.img_mlp.gate_up.weight
[313/457] transformer_blocks.28.img_mlp.out.weight
[315/457] transformer_blocks.29.attn.norm_k.weight
[316/457] transformer_blocks.29.attn.norm_q.weight
[317/457] transformer_blocks.29.attn.to_k.weight
[319/457] transformer_blocks.29.attn.to_out.0.weight
[321/457] transformer_blocks.29.attn.to_q.weight
[323/457] transformer_blocks.29.attn.to_v.weight
[325/457] transformer_blocks.29.img_mlp.gate_up.weight
[327/457] transformer_blocks.29.img_mlp.out.weight
[329/457] transformer_blocks.3.attn.norm_k.weight
[330/457] transformer_blocks.3.attn.norm_q.weight
[331/457] transformer_blocks.3.attn.to_k.weight
[333/457] transformer_blocks.3.attn.to_out.0.weight
[335/457] transformer_blocks.3.attn.to_q.weight
[337/457] transformer_blocks.3.attn.to_v.weight
[339/457] transformer_blocks.3.img_mlp.gate_up.weight
[341/457] transformer_blocks.3.img_mlp.out.weight
[343/457] transformer_blocks.30.attn.norm_k.weight
[344/457] transformer_blocks.30.attn.norm_q.weight
[345/457] transformer_blocks.30.attn.to_k.weight
[347/457] transformer_blocks.30.attn.to_out.0.weight
[349/457] transformer_blocks.30.attn.to_q.weight
[351/457] transformer_blocks.30.attn.to_v.weight
[353/457] transformer_blocks.30.img_mlp.gate_up.weight
[355/457] transformer_blocks.30.img_mlp.out.weight
[357/457] transformer_blocks.31.attn.norm_k.weight
[358/457] transformer_blocks.31.attn.norm_q.weight
[359/457] transformer_blocks.31.attn.to_k.weight
[361/457] transformer_blocks.31.attn.to_out.0.weight
[363/457] transformer_blocks.31.attn.to_q.weight
[365/457] transformer_blocks.31.attn.to_v.weight
[367/457] transformer_blocks.31.img_mlp.gate_up.weight
[369/457] transformer_blocks.31.img_mlp.out.weight
[371/457] transformer_blocks.4.attn.norm_k.weight
[372/457] transformer_blocks.4.attn.norm_q.weight
[373/457] transformer_blocks.4.attn.to_k.weight
[375/457] transformer_blocks.4.attn.to_out.0.weight
[377/457] transformer_blocks.4.attn.to_q.weight
[379/457] transformer_blocks.4.attn.to_v.weight
[381/457] transformer_blocks.4.img_mlp.gate_up.weight
[383/457] transformer_blocks.4.img_mlp.out.weight
[385/457] transformer_blocks.5.attn.norm_k.weight
[386/457] transformer_blocks.5.attn.norm_q.weight
[387/457] transformer_blocks.5.attn.to_k.weight
[389/457] transformer_blocks.5.attn.to_out.0.weight
[391/457] transformer_blocks.5.attn.to_q.weight
[393/457] transformer_blocks.5.attn.to_v.weight
[395/457] transformer_blocks.5.img_mlp.gate_up.weight
[397/457] transformer_blocks.5.img_mlp.out.weight
[399/457] transformer_blocks.6.attn.norm_k.weight
[400/457] transformer_blocks.6.attn.norm_q.weight
[401/457] transformer_blocks.6.attn.to_k.weight
[403/457] transformer_blocks.6.attn.to_out.0.weight
[405/457] transformer_blocks.6.attn.to_q.weight
[407/457] transformer_blocks.6.attn.to_v.weight
[409/457] transformer_blocks.6.img_mlp.gate_up.weight
[411/457] transformer_blocks.6.img_mlp.out.weight
[413/457] transformer_blocks.7.attn.norm_k.weight
[414/457] transformer_blocks.7.attn.norm_q.weight
[415/457] transformer_blocks.7.attn.to_k.weight
[417/457] transformer_blocks.7.attn.to_out.0.weight
[419/457] transformer_blocks.7.attn.to_q.weight
[421/457] transformer_blocks.7.attn.to_v.weight
[423/457] transformer_blocks.7.img_mlp.gate_up.weight
[425/457] transformer_blocks.7.img_mlp.out.weight
[427/457] transformer_blocks.8.attn.norm_k.weight
[428/457] transformer_blocks.8.attn.norm_q.weight
[429/457] transformer_blocks.8.attn.to_k.weight
[431/457] transformer_blocks.8.attn.to_out.0.weight
[433/457] transformer_blocks.8.attn.to_q.weight
[435/457] transformer_blocks.8.attn.to_v.weight
[437/457] transformer_blocks.8.img_mlp.gate_up.weight
[439/457] transformer_blocks.8.img_mlp.out.weight
[441/457] transformer_blocks.9.attn.norm_k.weight
[442/457] transformer_blocks.9.attn.norm_q.weight
[443/457] transformer_blocks.9.attn.to_k.weight
[445/457] transformer_blocks.9.attn.to_out.0.weight
[447/457] transformer_blocks.9.attn.to_q.weight
[449/457] transformer_blocks.9.attn.to_v.weight
[451/457] transformer_blocks.9.img_mlp.gate_up.weight
[453/457] transformer_blocks.9.img_mlp.out.weight
[455/457] txt_in.in_layer.weight
[456/457] txt_in.out_layer.weight
[457/457] txt_in.text_norm.weight
Wrote \\NAS\purple\ComfyBench\diffusion_models\qwen_image_2.1_bf16_w4a4_convrot_f32.safetensors (3.51 GiB)
Wrote \\NAS\purple\ComfyBench\diffusion_models\qwen_image_2.1_bf16_w4a4_convrot_f32.quant.json
